[0m
> build · kimi-k3
[0m
[0m→ [0mRead /Users/youzi/Downloads/晴天_1-8小节_TAB_含击勾弦.txt
[0m
[0m$ [0mls && ls scripts && cat AGENTS.md 2>/dev/null | head -50
autoloop-logs
autoloop.sh
build
dist
GuitarBapu.spec
loop-logs
pyproject.toml
README.md
requirements-dev.txt
requirements-separation.txt
requirements.txt
run_app.bat
run_app.command
run_app.sh
scripts
src
tests
路线规划.txt
晴天吉他谱-指弹谱-g调-虫虫吉他-rhythm.txt
__pycache__
build_app.py
compare_ascii_tab.py
compare_basic_pitch.py
diag_cats.py
diag_match.py
diag_melody.py
diag_octave.py
diag_octave2.py
diag_offset.py
diag_offset2.py
diag_side.py
diag_spectrum.py
evaluate_polyphonic_grid.py
match_answer.py
run_eval_loop.sh
[0m
[0m$ [0mcd /Users/youzi/Desktop/guitarbapu && python scripts/match_answer.py --bars 8 2>&1 | tail -30
zsh:1: command not found: python
[0m
[0m$ [0mcd /Users/youzi/Desktop/guitarbapu && python3 scripts/match_answer.py --bars 8 2>&1 | tail -40
usage: match_answer.py [-h] --audio AUDIO --answer ANSWER [--bars BARS]
                       [--attack-weight ATTACK_WEIGHT]
                       [--relative-threshold RELATIVE_THRESHOLD]
                       [--harmonic-ratio HARMONIC_RATIO]
                       [--energy-threshold ENERGY_THRESHOLD]
                       [--export-tab EXPORT_TAB] [--output OUTPUT]
match_answer.py: error: the following arguments are required: --audio, --answer
[0m
[0m$ [0mcd /Users/youzi/Desktop/guitarbapu && ls autoloop.sh && cat autoloop.sh | head -40
autoloop.sh
#!/usr/bin/env bash
#
# autoloop.sh — 让 opencode 自主循环完成任务（自动批准权限，无需盯对话）
#
# 用法:
#   ./autoloop.sh "目标描述" [最大轮数(默认30)]
#
# 工作方式:
#   1. 第一轮创建会话并下达完整目标
#   2. 后续每轮用 -s <会话ID> 精确续接同一会话，AI 自主规划推进
#   3. 每轮结束自动 git commit
#   4. AI 输出 <GOAL_COMPLETE> 时退出；达到最大轮数强制停止
#
set -u

GOAL="${1:-}"
MAX_ROUNDS="${2:-30}"
LOG_DIR="autoloop-logs"
DONE_MARK="<GOAL_COMPLETE>"

if [ -z "$GOAL" ]; then
  echo "用法: $0 \"目标描述\" [最大轮数(默认30)]" >&2
  exit 1
fi

if ! command -v opencode >/dev/null 2>&1; then
  echo "错误: 未找到 opencode 命令" >&2
  exit 1
fi

mkdir -p "$LOG_DIR"

FIRST_PROMPT="你的目标：$GOAL

工作规则：
1. 自主规划、自主推进，不要向用户提问或等待确认。
2. 每轮完成一小步可验证的工作，确保代码始终可运行。
3. 每轮结束时评估：目标是否已完全达成？没有则说明还差什么。
4. 当且仅当目标完全达成时，在你的回复结尾输出 $DONE_MARK 。"
[0m
[0m→ [0mRead scripts/match_answer.py
[0m
[0m$ [0mcd /Users/youzi/Desktop/guitarbapu && ls autoloop-logs loop-logs 2>/dev/null | head; ls *.json 2>/dev/null; git log --oneline -5
autoloop-logs:
round-1.log

loop-logs:
round-1.log
zsh:1: no matches found: *.json
42bc35b autoloop: round 1
b146884 feat: pair fingerstyle boost with attack-window weighting from grid results
c5ff565 feat: add gentle fingerstyle log-compress boost toggle
5e8fae9 feat: add sequence-recall match metric and optional pre-emphasis knob
11ab587 chore: remove obsolete loop wrappers in favor of autoloop
[0m
[0m$ [0mcd /Users/youzi/Desktop/guitarbapu && tail -60 autoloop-logs/round-1.log
[--export-tab EXPORT_TAB] [--output OUTPUT]
match_answer.py: error: the following arguments are required: --audio, --answer
[0m
[0m$ [0mcd /Users/youzi/Desktop/guitarbapu && ls autoloop.sh && cat autoloop.sh | head -40
autoloop.sh
#!/usr/bin/env bash
#
# autoloop.sh — 让 opencode 自主循环完成任务（自动批准权限，无需盯对话）
#
# 用法:
#   ./autoloop.sh "目标描述" [最大轮数(默认30)]
#
# 工作方式:
#   1. 第一轮创建会话并下达完整目标
#   2. 后续每轮用 -s <会话ID> 精确续接同一会话，AI 自主规划推进
#   3. 每轮结束自动 git commit
#   4. AI 输出 <GOAL_COMPLETE> 时退出；达到最大轮数强制停止
#
set -u

GOAL="${1:-}"
MAX_ROUNDS="${2:-30}"
LOG_DIR="autoloop-logs"
DONE_MARK="<GOAL_COMPLETE>"

if [ -z "$GOAL" ]; then
  echo "用法: $0 \"目标描述\" [最大轮数(默认30)]" >&2
  exit 1
fi

if ! command -v opencode >/dev/null 2>&1; then
  echo "错误: 未找到 opencode 命令" >&2
  exit 1
fi

mkdir -p "$LOG_DIR"

FIRST_PROMPT="你的目标：$GOAL

工作规则：
1. 自主规划、自主推进，不要向用户提问或等待确认。
2. 每轮完成一小步可验证的工作，确保代码始终可运行。
3. 每轮结束时评估：目标是否已完全达成？没有则说明还差什么。
4. 当且仅当目标完全达成时，在你的回复结尾输出 $DONE_MARK 。"
[0m
[0m→ [0mRead scripts/match_answer.py
[0m
[0m$ [0mcd /Users/youzi/Desktop/guitarbapu && ls autoloop-logs loop-logs 2>/dev/null | head; ls *.json 2>/dev/null; git log --oneline -5
autoloop-logs:
round-1.log

loop-logs:
round-1.log
zsh:1: no matches found: *.json
42bc35b autoloop: round 1
b146884 feat: pair fingerstyle boost with attack-window weighting from grid results
c5ff565 feat: add gentle fingerstyle log-compress boost toggle
5e8fae9 feat: add sequence-recall match metric and optional pre-emphasis knob
11ab587 chore: remove obsolete loop wrappers in favor of autoloop
[0m
[0m
[0m$ [0mcd /Users/youzi/Desktop/guitarbapu && find src -name "*.py" | head -40
src/music/chord.py
src/music/note_processor.py
src/music/tab_generator.py
src/music/track.py
src/music/fingering.py
src/music/__init__.py
src/music/fretboard.py
src/music/timing.py
src/music/technique.py
src/music/guitar.py
src/music/tab_renderer.py
src/music/tab.py
src/music/note.py
src/exporters/musicxml.py
src/exporters/midi.py
src/exporters/__init__.py
src/exporters/text_tab.py
src/exporters/score.py
src/__init__.py
src/utils/config.py
src/utils/paths.py
src/utils/diagnostics.py
src/utils/__init__.py
src/utils/model_manager.py
src/utils/logger.py
src/utils/atomic.py
src/project/track.py
src/project/__init__.py
src/project/model.py
src/project/serializer.py
src/audio/separator.py
src/audio/librosa_compat.py
src/audio/separation_cache.py
src/audio/demucs_separator.py
src/audio/track_classifier.py
src/audio/recorder.py
src/audio/analyzer.py
src/audio/technique_analyzer.py
src/audio/__init__.py
src/audio/loader.py
[0m
[0m$ [0mcd /Users/youzi/Desktop/guitarbapu && ls -la /Users/youzi/Downloads/晴天吉他谱-指弹谱-g调-虫虫吉他.mp3 && python3 -c "import numpy, scipy, librosa" 2>&1 | head -3
-rwxr-xr-x@ 1 youzi  staff  3726212  8月 29 00:13 /Users/youzi/Downloads/晴天吉他谱-指弹谱-g调-虫虫吉他.mp3
[0m
[0m$ [0mcd /Users/youzi/Desktop/guitarbapu && ls .venv venv 2>/dev/null; which python3; python3 -c "import librosa" 2>&1 | head -2; cat autoloop.sh | grep -A5 "python\|venv" | head -20
.venv:
bin
include
lib
pyvenv.cfg
share
/Library/Frameworks/Python.framework/Versions/3.14/bin/python3
[0m
[0m$ [0mcd /Users/youzi/Desktop/guitarbapu && source .venv/bin/activate && timeout 550 python3 scripts/match_answer.py --audio "/Users/youzi/Downloads/晴天吉他谱-指弹谱-g调-虫虫吉他.mp3" --answer "/Users/youzi/Downloads/晴天_1-8小节_TAB_含击勾弦.txt" --bars 8 2>&1 | tail -60
zsh:1: command not found: timeout
[0m
[0m$ [0mcd /Users/youzi/Desktop/guitarbapu && .venv/bin/python scripts/match_answer.py --audio "/Users/youzi/Downloads/晴天吉他谱-指弹谱-g调-虫虫吉他.mp3" --answer "/Users/youzi/Downloads/晴天_1-8小节_TAB_含击勾弦.txt" --bars 8 2>&1 | tail -80
"expected": [
        3
      ],
      "detected": [
        0,
        0,
        7
      ],
      "matched": 0
    },
    {
      "measure": 8,
      "string": 1,
      "expected": [
        0,
        0,
        0,
        1,
        0
      ],
      "detected": [
        2
      ],
      "matched": 0
    },
    {
      "measure": 8,
      "string": 2,
      "expected": [
        2,
        0
      ],
      "detected": [
        0,
        0,
        3,
        1
      ],
      "matched": 1
    },
    {
      "measure": 8,
      "string": 3,
      "expected": [
        2
      ],
      "detected": [
        0,
        2,
        2,
        2,
        2,
        2
      ],
      "matched": 1
    },
    {
      "measure": 8,
      "string": 5,
      "expected": [
        3
      ],
      "detected": [
        3,
        3,
        3,
        7,
        3,
        3,
        3
      ],
      "matched": 1
    }
  ],
  "offset_seconds": 38.5,
  "detected_bpm": 71.77734375,
  "tab_events": 804,
  "notes": 805,
  "chords": 263
}
[0m
[0m$ [0mcd /Users/youzi/Desktop/guitarbapu && .venv/bin/python scripts/match_answer.py --audio "/Users/youzi/Downloads/晴天吉他谱-指弹谱-g调-虫虫吉他.mp3" --answer "/Users/youzi/Downloads/晴天_1-8小节_TAB_含击勾弦.txt" --bars 8 2>/dev/null | head -60
{
  "recall": 0.1143,
  "midi_recall": 0.4571,
  "hits": 8,
  "total": 70,
  "misses": [
    {
      "measure": 1,
      "string": 4,
      "fret": 2,
      "time": 38.833,
      "midi_detected": false
    },
    {
      "measure": 1,
      "string": 3,
      "fret": 0,
      "time": 39.782,
      "midi_detected": false
    },
    {
      "measure": 1,
      "string": 1,
      "fret": 3,
      "time": 40.038,
      "midi_detected": false
    },
    {
      "measure": 1,
      "string": 1,
      "fret": 0,
      "time": 40.551,
      "midi_detected": true
    },
    {
      "measure": 1,
      "string": 2,
      "fret": 0,
      "time": 41.0,
      "midi_detected": false
    },
    {
      "measure": 1,
      "string": 3,
      "fret": 2,
      "time": 40.808,
      "midi_detected": false
    },
    {
      "measure": 1,
      "string": 1,
      "fret": 3,
      "time": 41.577,
      "midi_detected": false
    },
    {
      "measure": 2,
      "string": 4,
      "fret": 3,
      "time": 41.833,
[0m
Baseline: strict recall 8/70 (0.114), midi_recall 0.457, 804 notes detected (heavy over-detection). Let me study the pipeline.
[0m$ [0mcd /Users/youzi/Desktop/guitarbapu && ls src/audio src/eval && wc -l src/audio/polyphonic_analyzer.py src/audio/transcription_service.py src/eval/answer_tab.py src/music/tab.py src/audio/analyzer.py
src/audio:
__init__.py
__pycache__
analyzer.py
demucs_separator.py
librosa_compat.py
loader.py
polyphonic_analyzer.py
recorder.py
rhythm.py
separation_cache.py
separator.py
technique_analyzer.py
track_classifier.py
transcription_service.py

src/eval:
__pycache__
answer_tab.py
ascii_tab.py
     366 src/audio/polyphonic_analyzer.py
     178 src/audio/transcription_service.py
      99 src/eval/answer_tab.py
     120 src/music/tab.py
     266 src/audio/analyzer.py
    1029 total
[0m
[0m→ [0mRead src/audio/polyphonic_analyzer.py
[0m
[0m$ [0mcd /Users/youzi/Desktop/guitarbapu && .venv/bin/python scripts/match_answer.py --audio "/Users/youzi/Downloads/晴天吉他谱-指弹谱-g调-虫虫吉他.mp3" --answer "/Users/youzi/Downloads/晴天_1-8小节_TAB_含击勾弦.txt" --bars 8 --output /tmp/report_base.json 2>/dev/null && .venv/bin/python -c "
import json
r=json.load(open('/tmp/report_base.json'))
print('recall', r['recall'], 'midi_recall', r['midi_recall'])
m=r['misses']
print('misses total', len(m), 'midi detected but wrong pos', sum(1 for x in m if x['midi_detected']))
from collections import Counter
print(Counter((x['measure']) for x in m))
"
recall 0.1143 midi_recall 0.4571
misses total 40 midi detected but wrong pos 14
Counter({2: 8, 3: 8, 1: 7, 4: 7, 5: 7, 6: 3})
[0m
[0m→ [0mRead src/audio/transcription_service.py
[0m→ [0mRead src/music/tab_generator.py
Now I understand the pipeline. The eval exposes analyzer knobs — let me sweep them first for cheap wins.
[0m
[0m$ [0mmkdir -p /tmp/sweep && cat > /tmp/sweep/sweep.py <<'EOF'
import itertools, json, subprocess, sys
base = ["scripts/match_answer.py","--audio","/Users/youzi/Downloads/晴天吉他谱-指弹谱-g调-虫虫吉他.mp3","--answer","/Users/youzi/Downloads/晴天_1-8小节_TAB_含击勾弦.txt","--bars","8"]
combos = []
for aw in (0.0,0.5,0.8):
    for rt in (0.15,0.24,0.35):
        for hr in (0.45,0.58,0.75):
            for et in (0.05,0.08,0.12):
                combos.append((aw,rt,hr,et))
best=[]
for c in combos:
    out = f"/tmp/sweep/r_{c[0]}_{c[1]}_{c[2]}_{c[3]}.json"
    cmd = [".venv/bin/python"]+base+["--attack-weight",str(c[0]),"--relative-threshold",str(c[1]),"--harmonic-ratio",str(c[2]),"--energy-threshold",str(c[3]),"--output",out]
    r = subprocess.run(cmd, capture_output=True)
    try:
        data = json.load(open(out))
        best.append((data["recall"], data["midi_recall"], data["sequence_recall"], c))
        print(data["recall"], data["midi_recall"], c, flush=True)
    except Exception as e:
        print("FAIL", c, e)
best.sort(reverse=True)
print("BEST:", best[:5])
EOF
cd /Users/youzi/Desktop/guitarbapu && .venv/bin/python /tmp/sweep/sweep.py 2>&1 | tail -10
0.2286 0.4857 (0.8, 0.35, 0.45, 0.05)
0.2286 0.4857 (0.8, 0.35, 0.45, 0.08)
0.2286 0.4857 (0.8, 0.35, 0.45, 0.12)
0.2286 0.4857 (0.8, 0.35, 0.58, 0.05)
0.2286 0.4857 (0.8, 0.35, 0.58, 0.08)
0.2286 0.4857 (0.8, 0.35, 0.58, 0.12)
0.2286 0.4857 (0.8, 0.35, 0.75, 0.05)
0.2286 0.4857 (0.8, 0.35, 0.75, 0.08)
0.2286 0.4857 (0.8, 0.35, 0.75, 0.12)
BEST: [(0.2286, 0.5143, 0.3, (0.0, 0.15, 0.58, 0.12)), (0.2286, 0.5143, 0.3, (0.0, 0.15, 0.58, 0.08)), (0.2286, 0.5143, 0.3, (0.0, 0.15, 0.58, 0.05)), (0.2286, 0.5143, 0.3, (0.0, 0.15, 0.45, 0.12)), (0.2286, 0.5143, 0.3, (0.0, 0.15, 0.45, 0.08))]
[0m
[0m$ [0mcd /Users/youzi/Desktop/guitarbapu && .venv/bin/python - <<'EOF'
import sys, json
sys.path.insert(0,'.')
from pathlib import Path
from src.audio.loader import load_audio
audio = load_audio(Path("/Users/youzi/Downloads/晴天吉他谱-指弹谱-g调-虫虫吉他.mp3"))
print("sr", audio.sample_rate, "dur", round(audio.duration,2), "shape", audio.waveform.shape)
import numpy as np
from src.eval.answer_tab import parse_answer_tab
from scripts.match_answer import _answer_targets
ev = parse_answer_tab(Path("/Users/youzi/Downloads/晴天_1-8小节_TAB_含击勾弦.txt").read_text(encoding="utf-8"))
targets = _answer_targets(ev, 72.0)
from src.music.guitar import Guitar
g = Guitar.standard()
print("n targets", len(targets))
for t in targets[:20]:
    print(round(t[0],3), "str",t[1],"fret",t[2],"midi",g.midi_at(t[1],t[2]), "tech",t[4])
EOF
sr 44100 dur 123.33 shape (5439000,)
n targets 70
0.0 str 6 fret 3 midi 43 tech None
0.333 str 4 fret 2 midi 52 tech None
0.556 str 2 fret 0 midi 59 tech None
0.513 str 3 fret 0 midi 55 tech None
1.389 str 2 fret 0 midi 59 tech None
1.282 str 3 fret 0 midi 55 tech None
1.538 str 1 fret 3 midi 67 tech None
2.051 str 1 fret 0 midi 64 tech None
2.5 str 2 fret 0 midi 59 tech None
2.308 str 3 fret 2 midi 57 tech None
3.077 str 1 fret 3 midi 67 tech None
3.333 str 4 fret 3 midi 53 tech None
3.611 str 1 fret 3 midi 67 tech None
4.167 str 1 fret 0 midi 64 tech None
4.545 str 2 fret 0 midi 59 tech None
4.722 str 1 fret 3 midi 67 tech None
4.722 str 3 fret 2 midi 57 tech None
5.278 str 1 fret 3 midi 67 tech None
5.278 str 3 fret 0 midi 55 tech None
5.833 str 3 fret 3 midi 58 tech None
[0m
[0m$ [0mcd /Users/youzi/Desktop/guitarbapu && .venv/bin/python - <<'EOF'
import sys
sys.path.insert(0,'.')
from pathlib import Path
from src.audio.loader import load_audio
from src.audio.polyphonic_analyzer import PolyphonicAudioAnalyzer
audio = load_audio(Path("/Users/youzi/Downloads/晴天吉他谱-指弹谱-g调-虫虫吉他.mp3"))
an = PolyphonicAudioAnalyzer(relative_pitch_threshold=0.15)
notes, chords, onsets, timing = an.detect_events(audio)
print("onsets bar1 region:", [round(o,2) for o in onsets if 38<=o<=43])
print("n notes", len(notes))
for n in notes:
    if 38.3 <= n.start <= 42.2:
        print(round(n.start,3), n.midi, round(n.duration,2), round(n.confidence,2))
EOF
onsets bar1 region: [38.36, 38.58, 38.78, 39.2, 40.03, 40.44, 40.87, 41.27, 41.48, 41.67, 41.9, 42.11, 42.31, 42.52, 42.71, 42.92]
n notes 921
38.359 43 0.42 1.0
38.359 48 0.42 0.21
38.359 57 0.42 0.57
38.359 59 0.42 0.42
38.777 42 0.42 1.0
38.777 48 0.42 0.36
38.777 57 0.42 0.83
38.777 59 0.42 0.61
39.195 42 0.84 1.0
39.195 48 0.84 0.27
39.195 55 0.84 0.63
40.031 41 0.41 0.27
40.031 52 0.41 1.0
40.031 59 0.41 0.8
40.438 52 1.23 0.56
40.438 55 1.23 1.0
40.438 59 1.23 0.19
41.668 43 0.23 0.33
41.668 48 0.23 1.0
41.668 52 0.23 0.55
41.668 54 0.23 0.31
41.9 48 1.25 0.88
41.9 52 1.25 0.41
41.9 55 1.25 0.74
[0m
Key findings: melody notes at octaves of chord tones (G4 over G3, E4 over E3) are likely being pruned as "harmonics", and onset detection misses notes. Let me look at the rhythm/onset analyzer.
[0m→ [0mRead src/audio/rhythm.py
[0m→ [0mRead src/music/fingering.py
[0m
[0m$ [0mcd /Users/youzi/Desktop/guitarbapu && ls tests tests/* 2>/dev/null | head -40
tests/__init__.py
tests/test_analyzer.py
tests/test_answer_tab.py
tests/test_audio_integration.py
tests/test_chord.py
tests/test_eval_ascii_tab.py
tests/test_event_editor.py
tests/test_exporters.py
tests/test_fingering.py
tests/test_fretboard.py
tests/test_gui_controller.py
tests/test_gui.py
tests/test_note_processor.py
tests/test_polyphonic_analyzer.py
tests/test_productization.py
tests/test_project.py
tests/test_rhythm.py
tests/test_separation.py
tests/test_smoke.py
tests/test_tab_generator.py
tests/test_tab_renderer.py
tests/test_technique_analyzer.py
tests/test_timing.py
tests/test_track_classifier.py
tests/test_transcription_service.py
tests/test_waveform.py

tests:
__init__.py
__pycache__
fixtures
test_analyzer.py
test_answer_tab.py
test_audio_integration.py
test_chord.py
test_eval_ascii_tab.py
test_event_editor.py
test_exporters.py
test_fingering.py
test_fretboard.py
[0m
[0m$ [0mcd /Users/youzi/Desktop/guitarbapu && .venv/bin/python -m pytest -q 2>&1 | tail -5
........................................................................ [ 48%]
........................................................................ [ 97%]
....                                                                     [100%]
148 passed in 2.89s
[0m
[0m$ [0mcd /Users/youzi/Desktop/guitarbapu && cat tests/test_polyphonic_analyzer.py
"""Synthetic-audio tests for the experimental polyphonic analyzer."""

import numpy as np
import pytest

from src.audio.loader import AudioData
from src.audio.polyphonic_analyzer import PolyphonicAudioAnalyzer
from src.music.tab_generator import TabGenerator


def _frequency(midi: int) -> float:
    return 440.0 * 2 ** ((midi - 69) / 12)


def _audio(
    midis,
    *,
    duration=0.8,
    sample_rate=22_050,
    harmonics=False,
):
    frame_count = round(duration * sample_rate)
    time = np.arange(frame_count, dtype=np.float32) / sample_rate
    attack = np.minimum(1.0, np.arange(frame_count) / (sample_rate * 0.02))
    waveform = np.zeros(frame_count, dtype=np.float64)
    harmonic_levels = ((1, 1.0), (2, 0.35), (3, 0.2), (4, 0.12))
    for midi in midis:
        frequency = _frequency(midi)
        levels = harmonic_levels if harmonics else ((1, 1.0),)
        for harmonic, level in levels:
            waveform += level * np.sin(
                2 * np.pi * frequency * harmonic * time
            )
    peak = float(np.max(np.abs(waveform)))
    if peak > 0:
        waveform = waveform * attack * (0.4 / peak)
    return AudioData(
        waveform=waveform.astype(np.float32),
        sample_rate=sample_rate,
        duration=duration,
        channels=1,
    )


def test_detects_c_major_as_simultaneous_notes_and_chord():
    analysis = PolyphonicAudioAnalyzer().analyze(_audio((48, 52, 55)))

    assert tuple(note.midi for note in analysis.notes) == (48, 52, 55)
    assert len({note.start for note in analysis.notes}) == 1
    assert len(analysis.chords) == 1
    assert analysis.chords[0].name == "C"
    assert analysis.features["analysis_mode"] == "polyphonic"


def test_harmonic_suppression_keeps_power_chord_fundamentals():
    analysis = PolyphonicAudioAnalyzer().analyze(
        _audio((40, 47), harmonics=True)
    )

    assert tuple(note.midi for note in analysis.notes) == (40, 47)
    assert analysis.chords[0].name == "E5"


def test_silence_returns_no_notes_or_chords():
    audio = AudioData(
        waveform=np.zeros(22_050, dtype=np.float32),
        sample_rate=22_050,
        duration=1.0,
        channels=1,
    )

    analysis = PolyphonicAudioAnalyzer().analyze(audio)

    assert analysis.notes == ()
    assert analysis.chords == ()


def test_single_note_remains_supported_in_polyphonic_mode():
    analysis = PolyphonicAudioAnalyzer().analyze(_audio((57,)))

    assert tuple(note.midi for note in analysis.notes) == (57,)
    assert analysis.chords == ()


def test_consecutive_chords_are_split_by_onsets():
    first = _audio((48, 52, 55), duration=0.8)
    second = _audio((52, 55, 59), duration=0.8)
    sample_rate = first.sample_rate
    silence = np.zeros(round(sample_rate * 0.1), dtype=np.float32)
    waveform = np.concatenate((first.waveform, silence, second.waveform))
    audio = AudioData(
        waveform=waveform,
        sample_rate=sample_rate,
        duration=len(waveform) / sample_rate,
        channels=1,
    )

    analysis = PolyphonicAudioAnalyzer().analyze(audio)

    assert [chord.name for chord in analysis.chords] == ["C", "Em"]
    assert analysis.chords[1].start > analysis.chords[0].start


def test_polyphony_is_capped_at_six_pitches():
    analysis = PolyphonicAudioAnalyzer(
        relative_pitch_threshold=0.15
    ).analyze(_audio((41, 44, 47, 50, 53, 56, 59)))

    simultaneous = [note for note in analysis.notes if note.start == 0.0]
    assert 1 <= len(simultaneous) <= 6


def test_detected_chord_generates_distinct_guitar_strings():
    analysis = PolyphonicAudioAnalyzer().analyze(_audio((48, 52, 55)))

    tablature = TabGenerator().generate(analysis)

    assert len(tablature.events) == 3
    assert len({event.string for event in tablature.events}) == 3
    assert tablature.unmapped_notes == ()


def test_short_strum_is_grouped_as_one_chord():
    sample_rate = 22_050
    duration = 1.0
    frame_count = round(sample_rate * duration)
    waveform = np.zeros(frame_count, dtype=np.float64)
    for index, midi in enumerate((48, 52, 55)):
        start = round(index * 0.03 * sample_rate)
        time = np.arange(frame_count - start) / sample_rate
        envelope = np.minimum(
            1.0,
            np.arange(frame_count - start) / (sample_rate * 0.01),
        ) * np.exp(-1.2 * time)
        waveform[start:] += envelope * np.sin(
            2 * np.pi * _frequency(midi) * time
        )
    waveform = (waveform * (0.4 / np.max(np.abs(waveform)))).astype(np.float32)

    analysis = PolyphonicAudioAnalyzer().analyze(
        AudioData(waveform, sample_rate, duration, 1)
    )

    assert [chord.name for chord in analysis.chords] == ["C"]
    assert analysis.chords[0].midis == (48, 52, 55)


def test_rejects_sample_rate_below_configured_pitch_range():
    audio = AudioData(
        waveform=np.zeros(1000, dtype=np.float32),
        sample_rate=1000,
        duration=1.0,
        channels=1,
    )

    with pytest.raises(ValueError, match="sample rate is too low"):
        PolyphonicAudioAnalyzer().analyze(audio)


def test_attack_weight_is_validated_and_defaults_off():
    with pytest.raises(ValueError, match="attack_weight"):
        PolyphonicAudioAnalyzer(attack_weight=1.01)
    with pytest.raises(ValueError, match="harmonic_salience"):
        PolyphonicAudioAnalyzer(harmonic_salience=1.01)

    analysis = PolyphonicAudioAnalyzer(attack_weight=0.0).analyze(_audio((48, 52, 55)))
    assert [chord.name for chord in analysis.chords] == ["C"]
[0m
Tests all pass (148). Now let me check `quantize_notes` since grouping in TabGenerator depends on it.
[0m$ [0mcd /Users/youzi/Desktop/guitarbapu && grep -n "def quantize_notes" -A 60 src/music/timing.py | head -80
64:def quantize_notes(
65-    notes: Iterable[Note], timing: TimingInfo
66-) -> tuple[QuantizedNote, ...]:
67-    """Snap note boundaries to a beat subdivision, preserving source timing."""
68-
69-    ordered = sorted(notes, key=lambda note: (note.start, note.midi))
70-    seconds_per_beat = timing.seconds_per_beat
71-    if seconds_per_beat is None:
72-        return tuple(QuantizedNote(source=note, note=note) for note in ordered)
73-
74-    step = 1.0 / timing.subdivision
75-    quantized: list[QuantizedNote] = []
76-    for source in ordered:
77-        start_beat = max(0.0, _quantize(source.start / seconds_per_beat, step))
78-        end_beat = _quantize(
79-            (source.start + source.duration) / seconds_per_beat, step
80-        )
81-        duration_beats = max(step, end_beat - start_beat)
82-        tie_to_next = False
83-        if timing.time_signature is not None:
84-            numerator, denominator = timing.time_signature
85-            beats_per_measure = numerator * 4.0 / denominator
86-            start_measure = int(start_beat // beats_per_measure)
87-            end_measure = int(
88-                (start_beat + duration_beats - 1e-9) // beats_per_measure
89-            )
90-            tie_to_next = end_measure > start_measure
91-        note = Note(
92-            midi=source.midi,
93-            start=start_beat * seconds_per_beat,
94-            duration=duration_beats * seconds_per_beat,
95-            velocity=source.velocity,
96-            frequency_hz=source.frequency_hz,
97-            confidence=source.confidence,
98-        )
99-        quantized.append(
100-            QuantizedNote(
101-                source=source,
102-                note=note,
103-                start_beat=start_beat,
104-                duration_beats=duration_beats,
105-                tie_to_next=tie_to_next,
106-            )
107-        )
108-    return tuple(quantized)
109-
110-
111-def find_rests(
112-    notes: Iterable[Note],
113-    *,
114-    total_duration: float,
115-    timing: TimingInfo,
116-    min_duration: float = 0.12,
117-) -> tuple[Rest, ...]:
118-    """Return leading, internal, and trailing silence regions."""
119-
120-    if total_duration < 0 or min_duration < 0:
121-        raise ValueError("durations must be non-negative")
122-    ordered = sorted(notes, key=lambda note: note.start)
123-    rests: list[Rest] = []
124-    cursor = 0.0
[0m
Now I'll implement per-note (per-pitch) onset tracking in the analyzer — this is the key missing capability for fingerstyle transcription.
[0m← [0mEdit src/audio/polyphonic_analyzer.py
Index: /Users/youzi/Desktop/guitarbapu/src/audio/polyphonic_analyzer.py
===================================================================
--- /Users/youzi/Desktop/guitarbapu/src/audio/polyphonic_analyzer.py
+++ /Users/youzi/Desktop/guitarbapu/src/audio/polyphonic_analyzer.py
@@ -50,8 +50,10 @@
     attack_weight: float = 0.0,
     harmonic_salience: float = 0.0,
     pre_emphasis: float = 0.0,
     log_compress: bool = False,
+    track_note_onsets: bool = False,
+    note_onset_sensitivity: float = 0.12,
 ) -> None:
     if not 0 <= min_midi < max_midi <= 127:
         raise ValueError("MIDI range must be within 0..127")
     if hop_length < 1 or bins_per_semitone < 1:

[0m
[0m← [0mEdit src/audio/polyphonic_analyzer.py
Index: /Users/youzi/Desktop/guitarbapu/src/audio/polyphonic_analyzer.py
===================================================================
--- /Users/youzi/Desktop/guitarbapu/src/audio/polyphonic_analyzer.py
+++ /Users/youzi/Desktop/guitarbapu/src/audio/polyphonic_analyzer.py
@@ -72,9 +72,11 @@
     raise ValueError("attack_weight must be between 0 and 1")
 if not 0 <= harmonic_salience <= 1:
     raise ValueError("harmonic_salience must be between 0 and 1")
 if not 0 <= pre_emphasis < 1:
-    raise ValueError("pre_emphasis must be in [0, 1)")
+    raise ValueError("pre_emphasis must be in [0, 1]")
+if not 0 < note_onset_sensitivity <= 1:
+    raise ValueError("note_onset_sensitivity must be between 0 and 1")
 
 self.min_midi = int(min_midi)
 self.max_midi = int(max_midi)
 self.hop_length = int(hop_length)

[0m
[0m← [0mEdit src/audio/polyphonic_analyzer.py
Index: /Users/youzi/Desktop/guitarbapu/src/audio/polyphonic_analyzer.py
===================================================================
--- /Users/youzi/Desktop/guitarbapu/src/audio/polyphonic_analyzer.py
+++ /Users/youzi/Desktop/guitarbapu/src/audio/polyphonic_analyzer.py
@@ -89,8 +89,10 @@
 self.attack_weight = float(attack_weight)
 self.harmonic_salience = float(harmonic_salience)
 self.pre_emphasis = float(pre_emphasis)
 self.log_compress = bool(log_compress)
+self.track_note_onsets = bool(track_note_onsets)
+self.note_onset_sensitivity = float(note_onset_sensitivity)
 self.rhythm_analyzer = RhythmAnalyzer(
     hop_length=self.hop_length,
     subdivision=beat_subdivision,
 )

[0m
Now add the per-note onset tracker and wire it into `detect_events`:
[0m← [0mEdit src/audio/polyphonic_analyzer.py
Index: /Users/youzi/Desktop/guitarbapu/src/audio/polyphonic_analyzer.py
===================================================================
--- /Users/youzi/Desktop/guitarbapu/src/audio/polyphonic_analyzer.py
+++ /Users/youzi/Desktop/guitarbapu/src/audio/polyphonic_analyzer.py
@@ -297,8 +297,81 @@
         else:
             segments.append(segment)
     return tuple(segments)
 
+def _note_onset_events(
+    self,
+    strengths: np.ndarray,
+    rms: np.ndarray,
+    frame_times: np.ndarray,
+    global_peak_rms: float,
+) -> tuple[Note, ...]:
+    """Track pitch-band energy rises to catch fingerstyle note attacks.
+
+    Global onset detection tends to miss soft melody plucks that occur
+    while chord tones still ring.  Tracking an exponential-decay envelope
+    per MIDI band lets every string re-attack create its own event, even
+    when other notes sustain underneath.
+    """
+
+    if strengths.size == 0 or frame_times.size < 2:
+        return ()
+    frame_dt = float(frame_times[-1] - frame_times[0]) / (
+        frame_times.size - 1
+    )
+    if frame_dt <= 0:
+        return ()
+    # Guitar notes decay audibly; refresh the envelope a little slower
+    # than a natural string decay so only genuine re-attacks trigger.
+    decay = math.exp(-frame_dt / 0.55)
+    refractory = 0.09  # seconds between two onsets on the same string
+    min_duration = 0.05
+    notes: list[Note] = []
+    voiced = rms >= global_peak_rms * self.energy_threshold
+    for index in range(strengths.shape[0]):
+        series = strengths[index]
+        peak = float(np.max(series))
+        floor = float(np.median(series))
+        if not math.isfinite(peak) or peak <= floor:
+            continue
+        threshold = floor + self.note_onset_sensitivity * (peak - floor)
+        envelope = 0.0
+        last_onset = -math.inf
+        rising_start = 0
+        onset_frames: list[int] = []
+        for frame, value in enumerate(series):
+            trigger = max(threshold, envelope * 1.18)
+            if (
+                voiced[frame]
+                and value >= trigger
+                and frame_times[frame] - last_onset >= refractory
+            ):
+                last_onset = float(frame_times[rising_start])
+                onset_frames.append(rising_start)
+            if value < envelope:
+                rising_start = frame
+            envelope = max(value, envelope * decay)
+        midi = self.min_midi + index
+        for onset_index, frame in enumerate(onset_frames):
+            start = float(frame_times[frame])
+            level = float(series[frame])
+            end = float(frame_times[-1])
+            for follow in range(frame + 1, series.size):
+                if series[follow] <= level * 0.35:
+                    end = float(frame_times[follow])
+                    break
+            confidence = max(0.0, min(1.0, level / max(peak, 1e-9)))
+            notes.append(
+                Note(
+                    midi,
+                    start=start,
+                    duration=max(min_duration, end - start),
+                    confidence=confidence,
+                )
+            )
+    notes.sort(key=lambda note: (note.start, note.midi))
+    return tuple(notes)
+
 def detect_events(
     self, audio: AudioData
 ) -> tuple[
     tuple[Note, ...],

[0m
[0m← [0mEdit src/audio/polyphonic_analyzer.py
Index: /Users/youzi/Desktop/guitarbapu/src/audio/polyphonic_analyzer.py
===================================================================
--- /Users/youzi/Desktop/guitarbapu/src/audio/polyphonic_analyzer.py
+++ /Users/youzi/Desktop/guitarbapu/src/audio/polyphonic_analyzer.py
@@ -256,18 +256,15 @@
 def _segments(
     self,
     audio: AudioData,
     onset_times: tuple[float, ...],
+    strengths: np.ndarray,
+    rms: np.ndarray,
+    frame_times: np.ndarray,
+    global_peak_rms: float,
 ) -> tuple[_PitchSegment, ...]:
-    waveform = self._waveform(audio)
-    strengths, rms, frame_times = self._midi_strengths(
-        waveform, audio.sample_rate
-    )
     if rms.size == 0:
         return ()
-    global_peak_rms = float(np.max(rms))
-    if not math.isfinite(global_peak_rms) or global_peak_rms <= 0:
-        return ()
 
     segments: list[_PitchSegment] = []
     boundaries = self._boundaries(float(audio.duration), onset_times)
     for start, end in zip(boundaries, boundaries[1:]):

[0m
[0m← [0mEdit src/audio/polyphonic_analyzer.py
Index: /Users/youzi/Desktop/guitarbapu/src/audio/polyphonic_analyzer.py
===================================================================
--- /Users/youzi/Desktop/guitarbapu/src/audio/polyphonic_analyzer.py
+++ /Users/youzi/Desktop/guitarbapu/src/audio/polyphonic_analyzer.py
@@ -384,11 +384,20 @@
     raise ValueError(
         "audio sample rate is too low for the configured polyphonic range"
     )
 onset_times, timing = self.rhythm_analyzer.detect(audio)
+waveform = self._waveform(audio)
+strengths, rms, frame_times = self._midi_strengths(
+    waveform, audio.sample_rate
+)
+global_peak_rms = float(np.max(rms)) if rms.size else 0.0
+if not math.isfinite(global_peak_rms) or global_peak_rms <= 0:
+    global_peak_rms = 0.0
 notes: list[Note] = []
 chords: list[Chord] = []
-for segment in self._segments(audio, onset_times):
+for segment in self._segments(
+    audio, onset_times, strengths, rms, frame_times, global_peak_rms
+):
     duration = max(0.0, segment.end - segment.start)
     segment_notes = tuple(
         Note(
             midi,

[0m
[0m← [0mEdit src/audio/polyphonic_analyzer.py
Index: /Users/youzi/Desktop/guitarbapu/src/audio/polyphonic_analyzer.py
===================================================================
--- /Users/youzi/Desktop/guitarbapu/src/audio/polyphonic_analyzer.py
+++ /Users/youzi/Desktop/guitarbapu/src/audio/polyphonic_analyzer.py
@@ -416,8 +416,15 @@
                     duration=duration,
                     confidence=float(np.mean(segment.confidences)),
                 )
             )
+    if self.track_note_onsets and global_peak_rms > 0:
+        extra = self._note_onset_events(
+            strengths, rms, frame_times, global_peak_rms
+        )
+        if extra:
+            notes.extend(extra)
+            notes.sort(key=lambda note: (note.start, note.midi))
     return (tuple(notes), tuple(chords), onset_times, timing)
 
 def detect_notes(self, audio: AudioData) -> tuple[Note, ...]:
     notes, _, _, _ = self.detect_events(audio)

[0m
Now wire it into `match_answer.py`:
[0m← [0mEdit scripts/match_answer.py
Index: /Users/youzi/Desktop/guitarbapu/scripts/match_answer.py
===================================================================
--- /Users/youzi/Desktop/guitarbapu/scripts/match_answer.py
+++ /Users/youzi/Desktop/guitarbapu/scripts/match_answer.py
@@ -255,8 +255,10 @@
     attack_weight=args.attack_weight,
     relative_pitch_threshold=args.relative_threshold,
     harmonic_ratio=args.harmonic_ratio,
     energy_threshold=args.energy_threshold,
+    track_note_onsets=True,
+    note_onset_sensitivity=args.note_onset_sensitivity,
 )
 text = json.dumps(report, ensure_ascii=False, indent=2)
 if args.output is None:
     print(text)

[0m
[0m← [0mEdit scripts/match_answer.py
Index: /Users/youzi/Desktop/guitarbapu/scripts/match_answer.py
===================================================================
--- /Users/youzi/Desktop/guitarbapu/scripts/match_answer.py
+++ /Users/youzi/Desktop/guitarbapu/scripts/match_answer.py
@@ -242,8 +242,9 @@
 parser.add_argument("--attack-weight", type=float, default=0.0)
 parser.add_argument("--relative-threshold", type=float, default=0.24)
 parser.add_argument("--harmonic-ratio", type=float, default=0.58)
 parser.add_argument("--energy-threshold", type=float, default=0.08)
+parser.add_argument("--note-onset-sensitivity", type=float, default=0.12)
 parser.add_argument("--export-tab", type=Path)
 parser.add_argument("--output", type=Path)
 args = parser.parse_args()
 

[0m
[0m$ [0mcd /Users/youzi/Desktop/guitarbapu && .venv/bin/python -m pytest -q 2>&1 | tail -3
........................................................................ [ 97%]
....                                                                     [100%]
148 passed in 2.49s
[0m
